
Discarded input sections

 .data          0x0000000000000000        0x0 arch/arm/cpu/armv8/start.o
 .bss           0x0000000000000000        0x0 arch/arm/cpu/armv8/start.o
 .text.sdelay   0x0000000000000000        0xc arch/arm/cpu/armv8/built-in.o
 .text.board_cleanup_before_linux
                0x0000000000000000        0x4 arch/arm/cpu/armv8/built-in.o
 .text.cleanup_before_linux
                0x0000000000000000       0x2c arch/arm/cpu/armv8/built-in.o
 .text.timer_read_counter
                0x0000000000000000        0xc arch/arm/cpu/armv8/built-in.o
 .text.usec2ticks
                0x0000000000000000       0x44 arch/arm/cpu/armv8/built-in.o
 .text.timer_get_boot_us
                0x0000000000000000       0x28 arch/arm/cpu/armv8/built-in.o
 .text.invalidate_dcache_all
                0x0000000000000000        0x4 arch/arm/cpu/armv8/built-in.o
 .text.flush_dcache_all
                0x0000000000000000        0x4 arch/arm/cpu/armv8/built-in.o
 .text.dcache_enable
                0x0000000000000000        0x4 arch/arm/cpu/armv8/built-in.o
 .text.dcache_disable
                0x0000000000000000        0x4 arch/arm/cpu/armv8/built-in.o
 .text.dcache_status
                0x0000000000000000        0x8 arch/arm/cpu/armv8/built-in.o
 .text.mmu_set_region_dcache_behaviour
                0x0000000000000000        0x4 arch/arm/cpu/armv8/built-in.o
 .text.icache_enable
                0x0000000000000000        0x4 arch/arm/cpu/armv8/built-in.o
 .text.icache_disable
                0x0000000000000000        0x4 arch/arm/cpu/armv8/built-in.o
 .text.icache_status
                0x0000000000000000        0x8 arch/arm/cpu/armv8/built-in.o
 .text.invalidate_icache_all
                0x0000000000000000        0x4 arch/arm/cpu/armv8/built-in.o
 .text.enable_caches
                0x0000000000000000        0x4 arch/arm/cpu/armv8/built-in.o
 .text.__asm_dcache_level
                0x0000000000000000       0x64 arch/arm/cpu/armv8/built-in.o
 .text.__asm_dcache_all
                0x0000000000000000       0x60 arch/arm/cpu/armv8/built-in.o
 .text.__asm_flush_dcache_all
                0x0000000000000000        0x8 arch/arm/cpu/armv8/built-in.o
 .text.__asm_invalidate_dcache_all
                0x0000000000000000        0x8 arch/arm/cpu/armv8/built-in.o
 .text.__asm_flush_dcache_range
                0x0000000000000000       0x34 arch/arm/cpu/armv8/built-in.o
 .text.__asm_invalidate_dcache_range
                0x0000000000000000       0x30 arch/arm/cpu/armv8/built-in.o
 .text.__asm_invalidate_icache_all
                0x0000000000000000        0xc arch/arm/cpu/armv8/built-in.o
 .text.__asm_invalidate_l3_dcache
                0x0000000000000000        0x8 arch/arm/cpu/armv8/built-in.o
 .text.__asm_flush_l3_dcache
                0x0000000000000000        0x8 arch/arm/cpu/armv8/built-in.o
 .text.__asm_invalidate_l3_icache
                0x0000000000000000        0x8 arch/arm/cpu/armv8/built-in.o
 .text.__asm_switch_ttbr
                0x0000000000000000       0xe0 arch/arm/cpu/armv8/built-in.o
 .text.__asm_invalidate_tlb_all
                0x0000000000000000       0x4c arch/arm/cpu/armv8/built-in.o
 .text.armv8_switch_to_el2
                0x0000000000000000       0xb8 arch/arm/cpu/armv8/built-in.o
 .text.armv8_switch_to_el1
                0x0000000000000000       0xd0 arch/arm/cpu/armv8/built-in.o
 .text.armv8_el2_to_aarch32
                0x0000000000000000        0x4 arch/arm/cpu/armv8/built-in.o
 .text.smc_call
                0x0000000000000000       0x44 arch/arm/cpu/armv8/built-in.o
 .text.psci_system_reset
                0x0000000000000000       0x20 arch/arm/cpu/armv8/built-in.o
 .text.psci_system_reset2
                0x0000000000000000       0x2c arch/arm/cpu/armv8/built-in.o
 .text.psci_system_off
                0x0000000000000000       0x20 arch/arm/cpu/armv8/built-in.o
 .text.efi_runtime
                0x0000000000000000       0x58 arch/arm/cpu/armv8/built-in.o
 .eh_frame      0x0000000000000000      0x29c arch/arm/cpu/armv8/built-in.o
 .data          0x0000000000000000        0x0 arch/arm/cpu/armv8/built-in.o
 .bss           0x0000000000000000        0x0 arch/arm/cpu/armv8/built-in.o
 .text.setjmp   0x0000000000000000       0x28 arch/arm/lib/built-in.o
 .text.longjmp  0x0000000000000000       0x2c arch/arm/lib/built-in.o
 .text.board_init_f
                0x0000000000000000        0x4 arch/arm/lib/built-in.o
 .text.bootz_setup
                0x0000000000000000       0x88 arch/arm/lib/built-in.o
 .text.arch_fixup_fdt
                0x0000000000000000       0x50 arch/arm/lib/built-in.o
 .text.arch_reserve_stacks
                0x0000000000000000       0x1c arch/arm/lib/built-in.o
 .text.interrupt_init
                0x0000000000000000        0x8 arch/arm/lib/built-in.o
 .text.enable_interrupts
                0x0000000000000000        0x4 arch/arm/lib/built-in.o
 .text.disable_interrupts
                0x0000000000000000        0x8 arch/arm/lib/built-in.o
 .text.do_error
[...]
Memory Configuration

Name             Origin             Length             Attributes
.sram            0x00000000007e1000 0x0000000000025000
.sdram           0x0000000000910000 0x0000000000002000
*default*        0x0000000000000000 0xffffffffffffffff

Linker script and memory map


.text           0x00000000007e1000     0xfab0
                0x00000000007e1000                . = ALIGN (0x8)
 *(.__image_copy_start)
 arch/arm/cpu/armv8/start.o(.text*)
 .text          0x00000000007e1000      0x114 arch/arm/cpu/armv8/start.o
                0x00000000007e1000                _start
                0x00000000007e1008                _TEXT_BASE
                0x00000000007e1010                _end_ofs
                0x00000000007e1018                _bss_start_ofs
                0x00000000007e1020                _bss_end_ofs
                0x00000000007e102c                save_boot_params_ret
                0x00000000007e108c                apply_core_errata
                0x00000000007e10d4                smp_kick_all_cpus
                0x00000000007e10d8                c_runtime_cpu_setup
 *(.text*)
 *fill*         0x00000000007e1114      0x6ec 
 .text          0x00000000007e1800      0x390 arch/arm/cpu/armv8/built-in.o
                0x00000000007e1800                vectors
 .text.get_tbclk
                0x00000000007e1b90        0x8 arch/arm/cpu/armv8/built-in.o
                0x00000000007e1b90                get_tbclk
 .text.get_ticks
                0x00000000007e1b98       0x10 arch/arm/cpu/armv8/built-in.o
                0x00000000007e1b98                get_ticks
 .text          0x00000000007e1ba8       0x78 arch/arm/lib/built-in.o
                0x00000000007e1ba8                _main
 .text.show_regs
                0x00000000007e1c20      0x108 arch/arm/lib/built-in.o
                0x00000000007e1c20                show_regs
 .text.do_bad_sync
                0x00000000007e1d28       0x30 arch/arm/lib/built-in.o
                0x00000000007e1d28                do_bad_sync
 .text.do_bad_irq
                0x00000000007e1d58       0x30 arch/arm/lib/built-in.o
                0x00000000007e1d58                do_bad_irq
 .text.do_bad_fiq
                0x00000000007e1d88       0x30 arch/arm/lib/built-in.o
                0x00000000007e1d88                do_bad_fiq
 .text.do_bad_error
                0x00000000007e1db8       0x30 arch/arm/lib/built-in.o
                0x00000000007e1db8                do_bad_error
 .text.do_sync  0x00000000007e1de8       0x30 arch/arm/lib/built-in.o
                0x00000000007e1de8                do_sync
 .text.do_irq   0x00000000007e1e18       0x30 arch/arm/lib/built-in.o
                0x00000000007e1e18                do_irq
 .text.do_fiq   0x00000000007e1e48       0x30 arch/arm/lib/built-in.o
                0x00000000007e1e48                do_fiq
 .text.invalidate_dcache_range
                0x00000000007e1e78        0x4 arch/arm/lib/built-in.o
                0x00000000007e1e78                invalidate_dcache_range
 .text.flush_dcache_range
                0x00000000007e1e7c        0x4 arch/arm/lib/built-in.o
                0x00000000007e1e7c                flush_dcache_range
 *fill*         0x00000000007e1e80       0x80 
 .text          0x00000000007e1f00      0x298 arch/arm/mach-imx/built-in.o
                0x00000000007e1f00                lowlevel_init
                0x00000000007e2000                rom_pointer
                0x00000000007e2100                save_boot_params
                0x00000000007e214c                restore_boot_params
 .text.imx_iomux_v3_setup_pad
                0x00000000007e2198       0xc4 arch/arm/mach-imx/built-in.o
                0x00000000007e2198                imx_iomux_v3_setup_pad
 .text.imx_iomux_v3_setup_multiple_pads
                0x00000000007e225c       0x44 arch/arm/mach-imx/built-in.o
                0x00000000007e225c                imx_iomux_v3_setup_multiple_pads
 .text.force_idle_bus
                0x00000000007e22a0      0x1dc arch/arm/mach-imx/built-in.o
                0x00000000007e22a0                force_idle_bus
 .text.setup_i2c
                0x00000000007e247c       0xf8 arch/arm/mach-imx/built-in.o
                0x00000000007e247c                setup_i2c
 .text.cpu_mmc_init
                0x00000000007e2574        0x4 arch/arm/mach-imx/built-in.o
                0x00000000007e2574                cpu_mmc_init
 .text.get_boot_device
                0x00000000007e2578       0x94 arch/arm/mach-imx/built-in.o
                0x00000000007e2578                get_boot_device
 .text.imx_sec_init
                0x00000000007e260c        0x4 arch/arm/mach-imx/built-in.o
                0x00000000007e260c                imx_sec_init
 .text.spl_boot_device
                0x00000000007e2610       0x14 arch/arm/mach-imx/built-in.o
                0x00000000007e2610                spl_boot_device
 .text.g_dnl_bind_fixup
                0x00000000007e2624       0x18 arch/arm/mach-imx/built-in.o
                0x00000000007e2624                g_dnl_bind_fixup
 .text.g_dnl_get_board_bcd_device_number
                0x00000000007e263c        0x8 arch/arm/mach-imx/built-in.o
                0x00000000007e263c                g_dnl_get_board_bcd_device_number
 .text.spl_boot_mode
                0x00000000007e2644       0x48 arch/arm/mach-imx/built-in.o
                0x00000000007e2644                spl_boot_mode
 .text.select   0x00000000007e268c       0x34 arch/arm/mach-imx/built-in.o
 .text.get_clk_root_target
                0x00000000007e26c0       0x8c arch/arm/mach-imx/built-in.o
 .text.clock_get_target_val
                0x00000000007e274c       0x68 arch/arm/mach-imx/built-in.o
                0x00000000007e274c                clock_get_target_val
 .text.clock_set_target_val
                0x00000000007e27b4       0x64 arch/arm/mach-imx/built-in.o
                0x00000000007e27b4                clock_set_target_val
 .text.clock_root_enabled
                0x00000000007e2818       0x74 arch/arm/mach-imx/built-in.o
                0x00000000007e2818                clock_root_enabled
 .text.clock_enable
                0x00000000007e288c       0x4c arch/arm/mach-imx/built-in.o
                0x00000000007e288c                clock_enable
 .text.clock_get_prediv
                0x00000000007e28d8       0x84 arch/arm/mach-imx/built-in.o
                0x00000000007e28d8                clock_get_prediv
 .text.clock_get_postdiv
                0x00000000007e295c       0xa4 arch/arm/mach-imx/built-in.o
                0x00000000007e295c                clock_get_postdiv
 .text.clock_get_src
                0x00000000007e2a00       0x70 arch/arm/mach-imx/built-in.o
                0x00000000007e2a00                clock_get_src
 .text.get_cpu_variant_type
                0x00000000007e2a70      0x16c arch/arm/mach-imx/built-in.o
 .text.timer_init
                0x00000000007e2bdc       0x3c arch/arm/mach-imx/built-in.o
                0x00000000007e2bdc                timer_init
 .text.set_wdog_reset
                0x00000000007e2c18       0x18 arch/arm/mach-imx/built-in.o
                0x00000000007e2c18                set_wdog_reset
 .text.get_cpu_rev
                0x00000000007e2c30       0xbc arch/arm/mach-imx/built-in.o
                0x00000000007e2c30                get_cpu_rev
 .text.enable_tzc380
                0x00000000007e2cec      0x174 arch/arm/mach-imx/built-in.o
                0x00000000007e2cec                enable_tzc380
 .text.arch_cpu_init
                0x00000000007e2e60      0x1e4 arch/arm/mach-imx/built-in.o
                0x00000000007e2e60                arch_cpu_init
 .text.reset_cpu
                0x00000000007e3044       0x1c arch/arm/mach-imx/built-in.o
                0x00000000007e3044                reset_cpu
 .text.imx_gpc_set_m_core_pgc
                0x00000000007e3060       0x2c arch/arm/mach-imx/built-in.o
                0x00000000007e3060                imx_gpc_set_m_core_pgc
 .text.imx8m_usb_power_domain
                0x00000000007e308c       0x7c arch/arm/mach-imx/built-in.o
                0x00000000007e308c                imx8m_usb_power_domain
 .text.imx8m_usb_power
                0x00000000007e3108       0x30 arch/arm/mach-imx/built-in.o
                0x00000000007e3108                imx8m_usb_power
 .text.do_error
                0x00000000007e3138       0xc4 arch/arm/mach-imx/built-in.o
                0x00000000007e3138                do_error
 .text.fracpll_configure
                0x00000000007e31fc      0x140 arch/arm/mach-imx/built-in.o
 .text.get_root_src_clk
                0x00000000007e333c      0x2f8 arch/arm/mach-imx/built-in.o
 .text.get_root_clk
                0x00000000007e3634       0x80 arch/arm/mach-imx/built-in.o
 .text.enable_display_clk.part.0
                0x00000000007e36b4       0x68 arch/arm/mach-imx/built-in.o
 .text.enable_i2c_clk
                0x00000000007e371c       0x3c arch/arm/mach-imx/built-in.o
                0x00000000007e371c                enable_i2c_clk
 .text.dram_pll_init
                0x00000000007e3758        0xc arch/arm/mach-imx/built-in.o
                0x00000000007e3758                dram_pll_init
 .text.dram_enable_bypass
                0x00000000007e3764       0xc4 arch/arm/mach-imx/built-in.o
                0x00000000007e3764                dram_enable_bypass
 .text.dram_disable_bypass
                0x00000000007e3828       0x24 arch/arm/mach-imx/built-in.o
                0x00000000007e3828                dram_disable_bypass
 .text.intpll_configure
                0x00000000007e384c      0x1bc arch/arm/mach-imx/built-in.o
                0x00000000007e384c                intpll_configure
 .text.init_uart_clk
                0x00000000007e3a08       0xc8 arch/arm/mach-imx/built-in.o
                0x00000000007e3a08                init_uart_clk
 .text.init_wdog_clk
                0x00000000007e3ad0       0x60 arch/arm/mach-imx/built-in.o
                0x00000000007e3ad0                init_wdog_clk
 .text.init_clk_usdhc
                0x00000000007e3b30       0xac arch/arm/mach-imx/built-in.o
                0x00000000007e3b30                init_clk_usdhc
 .text.clock_init
                0x00000000007e3bdc      0x1d8 arch/arm/mach-imx/built-in.o
                0x00000000007e3bdc                clock_init
 .text.get_arm_core_clk
                0x00000000007e3db4       0x30 arch/arm/mach-imx/built-in.o
                0x00000000007e3db4                get_arm_core_clk
 .text.mxc_get_clock
                0x00000000007e3de4       0xbc arch/arm/mach-imx/built-in.o
                0x00000000007e3de4                mxc_get_clock
 .text.imx_get_uartclk
                0x00000000007e3ea0        0x8 arch/arm/mach-imx/built-in.o
                0x00000000007e3ea0                imx_get_uartclk
 .text.enable_usboh3_clk
                0x00000000007e3ea8       0x5c arch/arm/mach-imx/built-in.o
                0x00000000007e3ea8                enable_usboh3_clk
 .text.adjust_dram_table
                0x00000000007e3f04       0xb0 board/Trucrux/imx8mm_trucrux/built-in.o
 .text.trux_eeprom_read_header
                0x00000000007e3fb4       0x50 board/Trucrux/imx8mm_trucrux/built-in.o
                0x00000000007e3fb4                trux_eeprom_read_header
 .text.trux_eeprom_adjust_dram
                0x00000000007e4004      0x140 board/Trucrux/imx8mm_trucrux/built-in.o
                0x00000000007e4004                trux_eeprom_adjust_dram
 .text.get_board_id
                0x00000000007e4144       0x60 board/Trucrux/imx8mm_trucrux/built-in.o
                0x00000000007e4144                get_board_id
 .text.board_early_init_f
                0x00000000007e41a4       0x48 board/Trucrux/imx8mm_trucrux/built-in.o
                0x00000000007e41a4                board_early_init_f
 .text.board_usb_init
                0x00000000007e41ec       0x1c board/Trucrux/imx8mm_trucrux/built-in.o
                0x00000000007e41ec                board_usb_init
 .text.board_usb_cleanup
                0x00000000007e4208       0x1c board/Trucrux/imx8mm_trucrux/built-in.o
                0x00000000007e4208                board_usb_cleanup
 .text.spl_board_boot_device
                0x00000000007e4224       0x24 board/Trucrux/imx8mm_trucrux/built-in.o
                0x00000000007e4224                spl_board_boot_device
 .text.board_mmc_init
                0x00000000007e4248       0xe8 board/Trucrux/imx8mm_trucrux/built-in.o
                0x00000000007e4248                board_mmc_init
 .text.board_mmc_getcd
                0x00000000007e4330        0x8 board/Trucrux/imx8mm_trucrux/built-in.o
                0x00000000007e4330                board_mmc_getcd
 .text.power_init_board
                0x00000000007e4338       0xa8 board/Trucrux/imx8mm_trucrux/built-in.o
                0x00000000007e4338                power_init_board
 .text.spl_board_init
                0x00000000007e43e0       0x2c board/Trucrux/imx8mm_trucrux/built-in.o
                0x00000000007e43e0                spl_board_init
 .text.board_fit_config_name_match
                0x00000000007e440c       0x44 board/Trucrux/imx8mm_trucrux/built-in.o
                0x00000000007e440c                board_fit_config_name_match
 .text.board_init_f
                0x00000000007e4450       0xb8 board/Trucrux/imx8mm_trucrux/built-in.o
                0x00000000007e4450                board_init_f
 .text.do_reset
                0x00000000007e4508       0x28 board/Trucrux/imx8mm_trucrux/built-in.o
                0x00000000007e4508                do_reset
 .text.show_boot_progress
                0x00000000007e4530        0x4 common/spl/built-in.o
                0x00000000007e4530                show_boot_progress
 .text.spl_perform_fixups
                0x00000000007e4534        0x4 common/spl/built-in.o
                0x00000000007e4534                spl_perform_fixups
 .text.spl_board_prepare_for_boot
                0x00000000007e4538        0x4 common/spl/built-in.o
                0x00000000007e4538                spl_board_prepare_for_boot
 .text.spl_get_load_buffer
                0x00000000007e453c        0xc common/spl/built-in.o
                0x00000000007e453c                spl_get_load_buffer
 .text.spl_parse_image_header
                0x00000000007e4548        0x8 common/spl/built-in.o
                0x00000000007e4548                spl_parse_image_header
 .text.jump_to_image_no_args
                0x00000000007e4550       0x10 common/spl/built-in.o
                0x00000000007e4550                jump_to_image_no_args
 .text.spl_set_bd
                0x00000000007e4560       0x18 common/spl/built-in.o
                0x00000000007e4560                spl_set_bd
 .text.spl_init
                0x00000000007e4578       0x5c common/spl/built-in.o
                0x00000000007e4578                spl_init
 .text.board_boot_order
                0x00000000007e45d4       0x24 common/spl/built-in.o
                0x00000000007e45d4                board_boot_order
 .text.board_init_r
                0x00000000007e45f8      0x16c common/spl/built-in.o
                0x00000000007e45f8                board_init_r
 .text.preloader_console_init
                0x00000000007e4764       0x30 common/spl/built-in.o
                0x00000000007e4764                preloader_console_init
 .text.spl_relocate_stack_gd
                0x00000000007e4794        0x8 common/spl/built-in.o
                0x00000000007e4794                spl_relocate_stack_gd
 .text.spl_fit_get_image_node
                0x00000000007e479c      0x140 common/spl/built-in.o
 .text.spl_load_fit_image
                0x00000000007e48dc      0x1ac common/spl/built-in.o
 .text.board_spl_fit_size_align
                0x00000000007e4a88        0x4 common/spl/built-in.o
                0x00000000007e4a88                board_spl_fit_size_align
 .text.board_spl_fit_buffer_addr
                0x00000000007e4a8c       0x18 common/spl/built-in.o
                0x00000000007e4a8c                board_spl_fit_buffer_addr
 .text.spl_load_simple_fit_skip_processing
                0x00000000007e4aa4        0x8 common/spl/built-in.o
                0x00000000007e4aa4                spl_load_simple_fit_skip_processing
 .text.spl_load_simple_fit
                0x00000000007e4aac      0x274 common/spl/built-in.o
                0x00000000007e4aac                spl_load_simple_fit
 .text.h_spl_load_read
                0x00000000007e4d20       0x48 common/spl/built-in.o
                0x00000000007e4d20                h_spl_load_read
 .text.spl_mmc_get_uboot_raw_sector
                0x00000000007e4d68        0x8 common/spl/built-in.o
                0x00000000007e4d68                spl_mmc_get_uboot_raw_sector
 .text.spl_mmc_load
                0x00000000007e4d70      0x24c common/spl/built-in.o
                0x00000000007e4d70                spl_mmc_load
 .text.spl_mmc_load_image
                0x00000000007e4fbc       0x10 common/spl/built-in.o
                0x00000000007e4fbc                spl_mmc_load_image
 .text.spl_sdp_load_image
                0x00000000007e4fcc       0xac common/spl/built-in.o
 .text.board_init_f_alloc_reserve
                0x00000000007e5078       0x10 common/init/built-in.o
                0x00000000007e5078                board_init_f_alloc_reserve
 .text.board_init_f_init_reserve
                0x00000000007e5088       0x30 common/init/built-in.o
                0x00000000007e5088                board_init_f_init_reserve
 .text.fdt_getprop_u32
                0x00000000007e50b8       0x38 common/built-in.o
                0x00000000007e50b8                fdt_getprop_u32
 .text.fit_find_config_node
                0x00000000007e50f0      0x108 common/built-in.o
                0x00000000007e50f0                fit_find_config_node
 .text.fgetc.part.0
                0x00000000007e51f8       0x40 common/built-in.o
 .text.getc     0x00000000007e5238       0x24 common/built-in.o
                0x00000000007e5238                getc
 .text.putc     0x00000000007e525c       0x38 common/built-in.o
                0x00000000007e525c                putc
 .text.puts     0x00000000007e5294       0x34 common/built-in.o
                0x00000000007e5294                puts
 .text.ftstc    0x00000000007e52c8       0x28 common/built-in.o
                0x00000000007e52c8                ftstc
 .text.tstc     0x00000000007e52f0       0x24 common/built-in.o
                0x00000000007e52f0                tstc
 .text.ctrlc    0x00000000007e5314       0x54 common/built-in.o
                0x00000000007e5314                ctrlc
 .text.sbrk     0x00000000007e5368       0x74 common/built-in.o
                0x00000000007e5368                sbrk
 .text.mem_malloc_init
                0x00000000007e53dc       0x28 common/built-in.o
                0x00000000007e53dc                mem_malloc_init
 .text.malloc_trim
                0x00000000007e5404       0xd8 common/built-in.o
                0x00000000007e5404                malloc_trim
 .text.free     0x00000000007e54dc      0x21c common/built-in.o
                0x00000000007e54dc                free
 .text.malloc   0x00000000007e56f8      0x62c common/built-in.o
                0x00000000007e56f8                malloc
 .text.calloc   0x00000000007e5d24       0xdc common/built-in.o
                0x00000000007e5d24                calloc
 .text.memalign
                0x00000000007e5e00      0x1b0 common/built-in.o
                0x00000000007e5e00                memalign
 .text.alloc_simple
                0x00000000007e5fb0       0x58 common/built-in.o
 .text.malloc_simple
                0x00000000007e6008        0x8 common/built-in.o
                0x00000000007e6008                malloc_simple
 .text.memalign_simple
                0x00000000007e6010       0x10 common/built-in.o
                0x00000000007e6010                memalign_simple
 .text.genimg_get_format
                0x00000000007e6020       0x40 common/built-in.o
                0x00000000007e6020                genimg_get_format
 .text.android_image_check_header
                0x00000000007e6060       0x14 common/built-in.o
                0x00000000007e6060                android_image_check_header
 .text.fit_image_get_address
                0x00000000007e6074       0x84 common/built-in.o
 .text.fit_image_get_load
                0x00000000007e60f8       0x10 common/built-in.o
                0x00000000007e60f8                fit_image_get_load
 .text.fit_image_get_data
                0x00000000007e6108       0x50 common/built-in.o
                0x00000000007e6108                fit_image_get_data
 .text.fit_image_get_data_offset
                0x00000000007e6158       0x48 common/built-in.o
                0x00000000007e6158                fit_image_get_data_offset
 .text.fit_image_get_data_position
                0x00000000007e61a0       0x48 common/built-in.o
                0x00000000007e61a0                fit_image_get_data_position
 .text.fit_image_get_data_size
                0x00000000007e61e8       0x48 common/built-in.o
                0x00000000007e61e8                fit_image_get_data_size
 .text.fdt_check_header
                0x00000000007e6230       0x1c lib/built-in.o
                0x00000000007e6230                fdt_check_header
 .text.fdt_offset_ptr
                0x00000000007e624c       0x34 lib/built-in.o
                0x00000000007e624c                fdt_offset_ptr
 .text.fdt_next_tag
                0x00000000007e6280       0xc0 lib/built-in.o
                0x00000000007e6280                fdt_next_tag
 .text.fdt_check_node_offset_
                0x00000000007e6340       0x40 lib/built-in.o
                0x00000000007e6340                fdt_check_node_offset_
 .text.fdt_check_prop_offset_
                0x00000000007e6380       0x40 lib/built-in.o
                0x00000000007e6380                fdt_check_prop_offset_
 .text.fdt_next_node
                0x00000000007e63c0       0xb0 lib/built-in.o
                0x00000000007e63c0                fdt_next_node
 .text.fdt_first_subnode
                0x00000000007e6470       0x34 lib/built-in.o
                0x00000000007e6470                fdt_first_subnode
 .text.fdt_next_subnode
                0x00000000007e64a4       0x50 lib/built-in.o
                0x00000000007e64a4                fdt_next_subnode
 .text.fdt_get_property_by_offset_
                0x00000000007e64f4       0x24 lib/built-in.o
 .text.nextprop_
                0x00000000007e6518       0x64 lib/built-in.o
 .text.fdt_get_string
                0x00000000007e657c       0x40 lib/built-in.o
                0x00000000007e657c                fdt_get_string
 .text.fdt_get_name
                0x00000000007e65bc       0x44 lib/built-in.o
                0x00000000007e65bc                fdt_get_name
 .text.fdt_subnode_offset_namelen
                0x00000000007e6600       0xc8 lib/built-in.o
                0x00000000007e6600                fdt_subnode_offset_namelen
 .text.fdt_subnode_offset
                0x00000000007e66c8       0x44 lib/built-in.o
                0x00000000007e66c8                fdt_subnode_offset
 .text.fdt_first_property_offset
                0x00000000007e670c       0x38 lib/built-in.o
                0x00000000007e670c                fdt_first_property_offset
 .text.fdt_next_property_offset
                0x00000000007e6744       0x38 lib/built-in.o
                0x00000000007e6744                fdt_next_property_offset
 .text.fdt_get_property_namelen_
                0x00000000007e677c       0xc8 lib/built-in.o
 .text.fdt_getprop_namelen
                0x00000000007e6844       0x20 lib/built-in.o
                0x00000000007e6844                fdt_getprop_namelen
 .text.fdt_getprop
                0x00000000007e6864       0x4c lib/built-in.o
                0x00000000007e6864                fdt_getprop
 .text.fdt_get_alias_namelen
                0x00000000007e68b0       0x64 lib/built-in.o
                0x00000000007e68b0                fdt_get_alias_namelen
 .text.fdt_path_offset_namelen
                0x00000000007e6914       0xf0 lib/built-in.o
                0x00000000007e6914                fdt_path_offset_namelen
 .text.fdt_path_offset
                0x00000000007e6a04       0x34 lib/built-in.o
                0x00000000007e6a04                fdt_path_offset
 .text.hang     0x00000000007e6a38       0x20 lib/built-in.o
                0x00000000007e6a38                hang
 .text.strcmp   0x00000000007e6a58       0x28 lib/built-in.o
                0x00000000007e6a58                strcmp
 .text.strncmp  0x00000000007e6a80       0x38 lib/built-in.o
                0x00000000007e6a80                strncmp
 .text.strchr   0x00000000007e6ab8       0x28 lib/built-in.o
                0x00000000007e6ab8                strchr
 .text.strlen   0x00000000007e6ae0       0x1c lib/built-in.o
                0x00000000007e6ae0                strlen
 .text.strrchr  0x00000000007e6afc       0x40 lib/built-in.o
                0x00000000007e6afc                strrchr
 .text.memset   0x00000000007e6b3c       0x6c lib/built-in.o
                0x00000000007e6b3c                memset
 .text.memcpy   0x00000000007e6ba8       0x68 lib/built-in.o
                0x00000000007e6ba8                memcpy
 .text.memcmp   0x00000000007e6c10       0x30 lib/built-in.o
                0x00000000007e6c10                memcmp
 .text.memchr   0x00000000007e6c40       0x30 lib/built-in.o
                0x00000000007e6c40                memchr
 .text.get_timer
                0x00000000007e6c70       0x3c lib/built-in.o
                0x00000000007e6c70                get_timer
 .text.usec_to_tick
                0x00000000007e6cac       0x30 lib/built-in.o
                0x00000000007e6cac                usec_to_tick
 .text.__udelay
                0x00000000007e6cdc       0x40 lib/built-in.o
                0x00000000007e6cdc                __udelay
 .text.udelay   0x00000000007e6d1c       0x44 lib/built-in.o
                0x00000000007e6d1c                udelay
 .text.panic_finish
                0x00000000007e6d60       0x34 lib/built-in.o
 .text.panic    0x00000000007e6d94       0x50 lib/built-in.o
                0x00000000007e6d94                panic
 .text.__assert_fail
                0x00000000007e6de4       0x18 lib/built-in.o
                0x00000000007e6de4                __assert_fail
 .text.putc_outstr
                0x00000000007e6dfc       0x14 lib/built-in.o
 .text.putc_normal
                0x00000000007e6e10        0x8 lib/built-in.o
 .text.div_out  0x00000000007e6e18       0x60 lib/built-in.o
 .text._vprintf
                0x00000000007e6e78      0x470 lib/built-in.o
 .text.vprintf  0x00000000007e72e8       0x44 lib/built-in.o
                0x00000000007e72e8                vprintf
 .text.printf   0x00000000007e732c       0x68 lib/built-in.o
                0x00000000007e732c                printf
 .text.snprintf
                0x00000000007e7394       0x70 lib/built-in.o
                0x00000000007e7394                snprintf
 .text._parse_integer_fixup_radix
                0x00000000007e7404       0xb4 lib/built-in.o
 .text.simple_strtoul
                0x00000000007e74b8       0x9c lib/built-in.o
                0x00000000007e74b8                simple_strtoul
 .text.test_block_type
                0x00000000007e7554       0xbc disk/built-in.o
 .text.part_test_dos
                0x00000000007e7610       0x6c disk/built-in.o
 .text.part_test_efi
                0x00000000007e767c       0xb8 disk/built-in.o
 .text.gpio_set_value
                0x00000000007e7734       0x50 drivers/built-in.o
                0x00000000007e7734                gpio_set_value
 .text.gpio_get_value
                0x00000000007e7784       0x34 drivers/built-in.o
                0x00000000007e7784                gpio_get_value
 .text.gpio_request
                0x00000000007e77b8        0xc drivers/built-in.o
                0x00000000007e77b8                gpio_request
 .text.gpio_free
                0x00000000007e77c4        0x8 drivers/built-in.o
                0x00000000007e77c4                gpio_free
 .text.gpio_direction_input
                0x00000000007e77cc       0x44 drivers/built-in.o
                0x00000000007e77cc                gpio_direction_input
 .text.gpio_direction_output
                0x00000000007e7810       0x5c drivers/built-in.o
                0x00000000007e7810                gpio_direction_output
 .text.i2c_get_adapter
                0x00000000007e786c       0x7c drivers/built-in.o
                0x00000000007e786c                i2c_get_adapter
 .text.i2c_init_bus
                0x00000000007e78e8       0xac drivers/built-in.o
 .text.i2c_set_bus_num
                0x00000000007e7994       0xd4 drivers/built-in.o
                0x00000000007e7994                i2c_set_bus_num
 .text.i2c_probe
                0x00000000007e7a68       0x38 drivers/built-in.o
                0x00000000007e7a68                i2c_probe
 .text.i2c_read
                0x00000000007e7aa0       0x68 drivers/built-in.o
                0x00000000007e7aa0                i2c_read
 .text.i2c_write
                0x00000000007e7b08       0x68 drivers/built-in.o
                0x00000000007e7b08                i2c_write
 .text.wait_for_sr_state
                0x00000000007e7b70      0x134 drivers/built-in.o
 .text.tx_byte  0x00000000007e7ca4       0x64 drivers/built-in.o
 .text.bus_i2c_set_bus_speed
                0x00000000007e7d08       0xe4 drivers/built-in.o
 .text.mxc_i2c_set_bus_speed
                0x00000000007e7dec       0x18 drivers/built-in.o
 .text.i2c_imx_stop
                0x00000000007e7e04       0x70 drivers/built-in.o
 .text.__i2c_force_reset_slave
                0x00000000007e7e74        0x4 drivers/built-in.o
                0x00000000007e7e74                __i2c_force_reset_slave
                0x00000000007e7e74                i2c_force_reset_slave
 .text.i2c_idle_bus
                0x00000000007e7e78       0x20 drivers/built-in.o
                0x00000000007e7e78                i2c_idle_bus
 .text.i2c_init_transfer
                0x00000000007e7e98      0x254 drivers/built-in.o
 .text.mxc_i2c_probe
                0x00000000007e80ec       0x4c drivers/built-in.o
 .text.mxc_i2c_read
                0x00000000007e8138      0x1fc drivers/built-in.o
 .text.mxc_i2c_write
                0x00000000007e8334       0x8c drivers/built-in.o
 .text.bus_i2c_init
                0x00000000007e83c0       0x94 drivers/built-in.o
                0x00000000007e83c0                bus_i2c_init
 .text.mxc_i2c_init
                0x00000000007e8454       0x10 drivers/built-in.o
 .text.mmc_set_ios
                0x00000000007e8464       0x20 drivers/built-in.o
 .text.mmc_set_capacity
                0x00000000007e8484       0x84 drivers/built-in.o
 .text.mmc_send_cmd
                0x00000000007e8508       0x14 drivers/built-in.o
                0x00000000007e8508                mmc_send_cmd
 .text.mmc_go_idle
                0x00000000007e851c       0x50 drivers/built-in.o
 .text.mmc_send_op_cond_iter
                0x00000000007e856c       0x74 drivers/built-in.o
 .text.mmc_send_ext_csd
                0x00000000007e85e0       0x40 drivers/built-in.o
 .text.mmc_read_and_compare_ext_csd
                0x00000000007e8620       0xb0 drivers/built-in.o
 .text.sd_get_capabilities
                0x00000000007e86d0      0x1b0 drivers/built-in.o
 .text.mmc_send_status
                0x00000000007e8880       0x74 drivers/built-in.o
                0x00000000007e8880                mmc_send_status
 .text.__mmc_switch.constprop.0
                0x00000000007e88f4       0xf8 drivers/built-in.o
 .text.mmc_set_card_speed.constprop.0
                0x00000000007e89ec       0x9c drivers/built-in.o
 .text.mmc_set_blocklen
                0x00000000007e8a88       0x7c drivers/built-in.o
                0x00000000007e8a88                mmc_set_blocklen
 .text.mmc_bread
                0x00000000007e8b04      0x178 drivers/built-in.o
                0x00000000007e8b04                mmc_bread
 .text.mmc_switch
                0x00000000007e8c7c        0x4 drivers/built-in.o
                0x00000000007e8c7c                mmc_switch
 .text.mmc_startup_v4
                0x00000000007e8c80      0x244 drivers/built-in.o
 .text.mmc_switch_part
                0x00000000007e8ec4       0x94 drivers/built-in.o
                0x00000000007e8ec4                mmc_switch_part
 .text.mmc_getcd
                0x00000000007e8f58       0x4c drivers/built-in.o
                0x00000000007e8f58                mmc_getcd
 .text.mmc_set_clock
                0x00000000007e8fa4       0x30 drivers/built-in.o
                0x00000000007e8fa4                mmc_set_clock
 .text.board_mmc_power_init
                0x00000000007e8fd4        0x4 drivers/built-in.o
                0x00000000007e8fd4                board_mmc_power_init
 .text.mmc_get_op_cond
                0x00000000007e8fd8      0x270 drivers/built-in.o
                0x00000000007e8fd8                mmc_get_op_cond
 .text.mmc_start_init
                0x00000000007e9248       0x78 drivers/built-in.o
                0x00000000007e9248                mmc_start_init
 .text.mmc_init
                0x00000000007e92c0      0x8e4 drivers/built-in.o
                0x00000000007e92c0                mmc_init
 .text.mmc_initialize
                0x00000000007e9ba4       0x50 drivers/built-in.o
                0x00000000007e9ba4                mmc_initialize
 .text.mmc_berase
                0x00000000007e9bf4        0x8 drivers/built-in.o
 .text.mmc_bwrite
                0x00000000007e9bfc        0x8 drivers/built-in.o
 .text.find_mmc_device
                0x00000000007e9c04       0x50 drivers/built-in.o
                0x00000000007e9c04                find_mmc_device
 .text.mmc_select_hwpartp
                0x00000000007e9c54       0x64 drivers/built-in.o
 .text.mmc_get_dev
                0x00000000007e9cb8       0x40 drivers/built-in.o
 .text.mmc_get_next_devnum
                0x00000000007e9cf8       0x14 drivers/built-in.o
                0x00000000007e9cf8                mmc_get_next_devnum
 .text.mmc_get_blk_desc
                0x00000000007e9d0c        0x8 drivers/built-in.o
                0x00000000007e9d0c                mmc_get_blk_desc
 .text.mmc_do_preinit
                0x00000000007e9d14       0x44 drivers/built-in.o
                0x00000000007e9d14                mmc_do_preinit
 .text.mmc_list_init
                0x00000000007e9d58       0x1c drivers/built-in.o
                0x00000000007e9d58                mmc_list_init
 .text.mmc_list_add
                0x00000000007e9d74       0x20 drivers/built-in.o
                0x00000000007e9d74                mmc_list_add
 .text.mmc_create
                0x00000000007e9d94       0xd8 drivers/built-in.o
                0x00000000007e9d94                mmc_create
 .text.esdhc_init
                0x00000000007e9e6c       0xd8 drivers/built-in.o
 .text.esdhc_getcd
                0x00000000007e9f44       0x48 drivers/built-in.o
 .text.esdhc_set_ios
                0x00000000007e9f8c      0x150 drivers/built-in.o
 .text.check_and_invalidate_dcache_range.isra.0
                0x00000000007ea0dc       0x50 drivers/built-in.o
 .text.esdhc_send_cmd
                0x00000000007ea12c      0x40c drivers/built-in.o
 .text.fsl_esdhc_initialize
                0x00000000007ea538      0x260 drivers/built-in.o
                0x00000000007ea538                fsl_esdhc_initialize
 .text.fsl_esdhc_mmc_init
                0x00000000007ea798       0x3c drivers/built-in.o
                0x00000000007ea798                fsl_esdhc_mmc_init
 .text.get_current
                0x00000000007ea7d4       0x40 drivers/built-in.o
 .text.serial_init
                0x00000000007ea814       0x28 drivers/built-in.o
                0x00000000007ea814                serial_init
 .text.serial_setbrg
                0x00000000007ea83c       0x1c drivers/built-in.o
                0x00000000007ea83c                serial_setbrg
 .text.serial_getc
                0x00000000007ea858       0x1c drivers/built-in.o
                0x00000000007ea858                serial_getc
 .text.serial_tstc
                0x00000000007ea874       0x1c drivers/built-in.o
                0x00000000007ea874                serial_tstc
 .text.serial_putc
                0x00000000007ea890       0x2c drivers/built-in.o
                0x00000000007ea890                serial_putc
 .text.serial_puts
                0x00000000007ea8bc       0x2c drivers/built-in.o
                0x00000000007ea8bc                serial_puts
 .text.default_serial_puts
                0x00000000007ea8e8       0x3c drivers/built-in.o
                0x00000000007ea8e8                default_serial_puts
 .text.mxc_serial_getc
                0x00000000007ea924       0x28 drivers/built-in.o
 .text.mxc_serial_putc
                0x00000000007ea94c       0x50 drivers/built-in.o
 .text.mxc_serial_tstc
                0x00000000007ea99c       0x64 drivers/built-in.o
 .text.mxc_serial_setbrg
                0x00000000007eaa00       0x78 drivers/built-in.o
 .text.mxc_serial_init
                0x00000000007eaa78       0x74 drivers/built-in.o
 .text.default_serial_console
                0x00000000007eaaec        0xc drivers/built-in.o
                0x00000000007eaaec                default_serial_console
 .text.do_job   0x00000000007eaaf8       0xd0 drivers/built-in.o
 .text.jr_reset
                0x00000000007eabc8       0xb0 drivers/built-in.o
 .text.caam_open
                0x00000000007eac78      0x44c drivers/built-in.o
                0x00000000007eac78                caam_open
 .text.ddr_load_train_firmware
                0x00000000007eb0c4      0x168 drivers/built-in.o
                0x00000000007eb0c4                ddr_load_train_firmware
 .text.ddrphy_trained_csr_save
                0x00000000007eb22c       0x78 drivers/built-in.o
                0x00000000007eb22c                ddrphy_trained_csr_save
 .text.dram_config_save
                0x00000000007eb2a4      0x14c drivers/built-in.o
                0x00000000007eb2a4                dram_config_save
 .text.wait_ddrphy_training_complete
                0x00000000007eb3f0      0x120 drivers/built-in.o
                0x00000000007eb3f0                wait_ddrphy_training_complete
 .text.ddrphy_init_set_dfi_clk
                0x00000000007eb510       0xdc drivers/built-in.o
                0x00000000007eb510                ddrphy_init_set_dfi_clk
 .text.ddrphy_init_read_msg_block
                0x00000000007eb5ec        0x4 drivers/built-in.o
                0x00000000007eb5ec                ddrphy_init_read_msg_block
 .text.look_for_max
                0x00000000007eb5f0       0x30 drivers/built-in.o
                0x00000000007eb5f0                look_for_max
 .text.get_trained_CDD
                0x00000000007eb620      0x264 drivers/built-in.o
                0x00000000007eb620                get_trained_CDD
 .text.update_umctl2_rank_space_setting
                0x00000000007eb884      0x554 drivers/built-in.o
                0x00000000007eb884                update_umctl2_rank_space_setting
 .text.ddr_cfg_phy
                0x00000000007ebdd8      0x194 drivers/built-in.o
                0x00000000007ebdd8                ddr_cfg_phy
 .text.ddr_cfg_umctl2
                0x00000000007ebf6c       0x28 drivers/built-in.o
                0x00000000007ebf6c                ddr_cfg_umctl2
 .text.board_dram_ecc_scrub
                0x00000000007ebf94        0x4 drivers/built-in.o
                0x00000000007ebf94                board_dram_ecc_scrub
 .text.ddr_init
                0x00000000007ebf98      0x3d4 drivers/built-in.o
                0x00000000007ebf98                ddr_init
 .text.check_reg
                0x00000000007ec36c       0x34 drivers/built-in.o
                0x00000000007ec36c                check_reg
 .text.pmic_alloc
                0x00000000007ec3a0       0x64 drivers/built-in.o
                0x00000000007ec3a0                pmic_alloc
 .text.pmic_get
                0x00000000007ec404       0x64 drivers/built-in.o
                0x00000000007ec404                pmic_get
 .text.pmic_reg_write
                0x00000000007ec468       0xdc drivers/built-in.o
                0x00000000007ec468                pmic_reg_write
 .text.pmic_probe
                0x00000000007ec544       0x44 drivers/built-in.o
                0x00000000007ec544                pmic_probe
 .text.power_bd71837_init
                0x00000000007ec588       0x7c drivers/built-in.o
                0x00000000007ec588                power_bd71837_init
 .text.usb_ep_autoconfig
                0x00000000007ec604      0x22c drivers/built-in.o
                0x00000000007ec604                usb_ep_autoconfig
 .text.usb_ep_autoconfig_reset
                0x00000000007ec830       0x30 drivers/built-in.o
                0x00000000007ec830                usb_ep_autoconfig_reset
 .text.usb_descriptor_fillbuf
                0x00000000007ec860       0x84 drivers/built-in.o
                0x00000000007ec860                usb_descriptor_fillbuf
 .text.usb_gadget_get_string
                0x00000000007ec8e4      0x194 drivers/built-in.o
                0x00000000007ec8e4                usb_gadget_get_string
 .text.count_configs
                0x00000000007eca78       0x84 drivers/built-in.o
 .text.collect_langs
                0x00000000007ecafc       0x54 drivers/built-in.o
 .text.composite_setup_complete
                0x00000000007ecb50        0x4 drivers/built-in.o
 .text.count_ext_prop
                0x00000000007ecb54       0x58 drivers/built-in.o
 .text.len_ext_prop
                0x00000000007ecbac       0x60 drivers/built-in.o
 .text.composite_suspend
                0x00000000007ecc0c       0x80 drivers/built-in.o
 .text.composite_resume
                0x00000000007ecc8c       0x7c drivers/built-in.o
 .text.g_dnl_unbind
                0x00000000007ecd08       0x34 drivers/built-in.o
 .text.lookup_string
                0x00000000007ecd3c       0x64 drivers/built-in.o
 .text.composite_unbind
                0x00000000007ecda0      0x120 drivers/built-in.o
 .text.composite_bind
                0x00000000007ecec0      0x208 drivers/built-in.o
 .text.g_dnl_do_config
                0x00000000007ed0c8       0x5c drivers/built-in.o
 .text.reset_config.isra.0
                0x00000000007ed124       0x5c drivers/built-in.o
 .text.composite_disconnect
                0x00000000007ed180       0x50 drivers/built-in.o
 .text.count_ext_compat
                0x00000000007ed1d0       0xb0 drivers/built-in.o
 .text.composite_setup
                0x00000000007ed280      0xf90 drivers/built-in.o
 .text.usb_add_function
                0x00000000007ee210       0xd8 drivers/built-in.o
                0x00000000007ee210                usb_add_function
 .text.usb_interface_id
                0x00000000007ee2e8       0x2c drivers/built-in.o
                0x00000000007ee2e8                usb_interface_id
 .text.usb_add_config
                0x00000000007ee314      0x124 drivers/built-in.o
                0x00000000007ee314                usb_add_config
 .text.usb_string_id
                0x00000000007ee438       0x28 drivers/built-in.o
                0x00000000007ee438                usb_string_id
 .text.usb_composite_register
                0x00000000007ee460       0x74 drivers/built-in.o
                0x00000000007ee460                usb_composite_register
 .text.g_dnl_bind
                0x00000000007ee4d4      0x178 drivers/built-in.o
 .text.g_dnl_clear_detach
                0x00000000007ee64c        0xc drivers/built-in.o
                0x00000000007ee64c                g_dnl_clear_detach
 .text.g_dnl_register
                0x00000000007ee658       0x4c drivers/built-in.o
                0x00000000007ee658                g_dnl_register
 .text.board_usb_gadget_port_auto
                0x00000000007ee6a4        0x8 drivers/built-in.o
                0x00000000007ee6a4                board_usb_gadget_port_auto
 .text.sdp_get_alt
                0x00000000007ee6ac        0x8 drivers/built-in.o
 .text.sdp_tx_complete
                0x00000000007ee6b4       0x98 drivers/built-in.o
 .text.sdp_load_read
                0x00000000007ee74c       0x30 drivers/built-in.o
 .text.sdp_rx_data_complete
                0x00000000007ee77c       0xe4 drivers/built-in.o
 .text.sdp_setup
                0x00000000007ee860      0x134 drivers/built-in.o
 .text.sdp_rx_command_complete
                0x00000000007ee994      0x230 drivers/built-in.o
 .text.alloc_ep_req
                0x00000000007eebc4       0x74 drivers/built-in.o
 .text.sdp_add  0x00000000007eec38      0x10c drivers/built-in.o
                0x00000000007eec38                sdp_add
 .text.sdp_disable
                0x00000000007eed44       0x8c drivers/built-in.o
 .text.sdp_unbind
                0x00000000007eedd0       0x28 drivers/built-in.o
 .text.sdp_bind
                0x00000000007eedf8       0xac drivers/built-in.o
 .text.sdp_set_alt
                0x00000000007eeea4      0x140 drivers/built-in.o
 .text.sdp_init
                0x00000000007eefe4       0x64 drivers/built-in.o
                0x00000000007eefe4                sdp_init
 .text.spl_sdp_handle
                0x00000000007ef048      0x398 drivers/built-in.o
                0x00000000007ef048                spl_sdp_handle
 .text.ci_ep_disable
                0x00000000007ef3e0       0x10 drivers/built-in.o
 .text.ci_ep_dequeue
                0x00000000007ef3f0       0x8c drivers/built-in.o
 .text.ci_ep_free_request
                0x00000000007ef47c       0x60 drivers/built-in.o
 .text.ci_ep_alloc_request
                0x00000000007ef4dc       0x70 drivers/built-in.o
 .text.ci_flush_qh
                0x00000000007ef54c       0x1c drivers/built-in.o
 .text.stop_activity
                0x00000000007ef568       0xc0 drivers/built-in.o
 .text.ci_flush_qtd
                0x00000000007ef628       0x1c drivers/built-in.o
 .text.ci_udc_probe
                0x00000000007ef644      0x254 drivers/built-in.o
 .text.ep_enable
                0x00000000007ef898       0x74 drivers/built-in.o
 .text.ci_ep_enable
                0x00000000007ef90c       0x74 drivers/built-in.o
 .text.ci_ep_submit_next_request
                0x00000000007ef980      0x1cc drivers/built-in.o
 .text.ci_ep_queue
                0x00000000007efb4c      0x128 drivers/built-in.o
 .text.ci_init_after_reset
                0x00000000007efc74        0x4 drivers/built-in.o
                0x00000000007efc74                ci_init_after_reset
 .text.udc_irq  0x00000000007efc78      0x4cc drivers/built-in.o
                0x00000000007efc78                udc_irq
 .text.ci_udc_handle_interrupts
                0x00000000007f0144       0x38 drivers/built-in.o
                0x00000000007f0144                ci_udc_handle_interrupts
 .text.udc_disconnect
                0x00000000007f017c       0x60 drivers/built-in.o
                0x00000000007f017c                udc_disconnect
 .text.ci_pullup
                0x00000000007f01dc       0x90 drivers/built-in.o
 .text.usb_gadget_handle_interrupts
                0x00000000007f026c        0x4 drivers/built-in.o
                0x00000000007f026c                usb_gadget_handle_interrupts
 .text.usb_gadget_register_driver
                0x00000000007f0270       0x80 drivers/built-in.o
                0x00000000007f0270                usb_gadget_register_driver
 .text.ehci_get_port_speed
                0x00000000007f02f0        0x8 drivers/built-in.o
 .text.ehci_set_usbmode
                0x00000000007f02f8       0x20 drivers/built-in.o
 .text.ehci_get_portsc_register
                0x00000000007f0318       0x34 drivers/built-in.o
 .text.ehci_powerup_fixup
                0x00000000007f034c        0x8 drivers/built-in.o
 .text.handshake
                0x00000000007f0354       0x70 drivers/built-in.o
 .text.ehci_set_controller_priv
                0x00000000007f03c4       0xf0 drivers/built-in.o
                0x00000000007f03c4                ehci_set_controller_priv
 .text.usb_lowlevel_init
                0x00000000007f04b4      0x31c drivers/built-in.o
                0x00000000007f04b4                usb_lowlevel_init
 .text.ehci_mx6_powerup_fixup
                0x00000000007f07d0       0x5c drivers/built-in.o
 .text.board_usb_phy_mode
                0x00000000007f082c        0x4 drivers/built-in.o
                0x00000000007f082c                board_usb_phy_mode
 .text.board_ehci_power
                0x00000000007f0830        0x8 drivers/built-in.o
                0x00000000007f0830                board_ehci_power
 .text.ehci_hcd_init
                0x00000000007f0838      0x114 drivers/built-in.o
                0x00000000007f0838                ehci_hcd_init
 .text.blk_driver_lookup_type
                0x00000000007f094c       0x54 drivers/built-in.o
                0x00000000007f094c                blk_driver_lookup_type
 .text.blk_dselect_hwpart
                0x00000000007f09a0       0x4c drivers/built-in.o
                0x00000000007f09a0                blk_dselect_hwpart
 .text.usb_phy_mode
                0x00000000007f09ec       0x24 drivers/usb/imx/built-in.o
                0x00000000007f09ec                usb_phy_mode
 .text.board_ehci_hcd_init
                0x00000000007f0a10        0x8 drivers/usb/imx/built-in.o
                0x00000000007f0a10                board_ehci_hcd_init
 .text.ehci_mx6_common_init
                0x00000000007f0a18       0x98 drivers/usb/imx/built-in.o
                0x00000000007f0a18                ehci_mx6_common_init

.iplt           0x00000000007f0ab0        0x0
 .iplt          0x00000000007f0ab0        0x0 arch/arm/cpu/armv8/start.o

.rodata         0x00000000007f0ab0     0x17ce
                0x00000000007f0ab0                . = ALIGN (0x8)
 *(SORT_BY_ALIGNMENT(SORT_BY_NAME(.rodata*)))
 .rodata.ci_ep_init
                0x00000000007f0ab0      0x168 drivers/built-in.o
 .rodata.esdhc_ops
                0x00000000007f0c18       0x30 drivers/built-in.o
 .rodata.gpio_ports
                0x00000000007f0c48       0x28 drivers/built-in.o
 .rodata.id_pads
                0x00000000007f0c70        0x8 board/Trucrux/imx8mm_trucrux/built-in.o
 .rodata.imx8mm_dram_bypass_tbl
                0x00000000007f0c78       0x48 arch/arm/mach-imx/built-in.o
 .rodata.mx6_ehci_ops
                0x00000000007f0cc0       0x28 drivers/built-in.o
 .rodata.uart1_pads
                0x00000000007f0ce8       0x10 board/Trucrux/imx8mm_trucrux/built-in.o
 .rodata.usdhc2_pads
                0x00000000007f0cf8       0x30 board/Trucrux/imx8mm_trucrux/built-in.o
 .rodata.usdhc2_pwr_pads_dart
                0x00000000007f0d28        0x8 board/Trucrux/imx8mm_trucrux/built-in.o
 .rodata.usdhc3_pads
                0x00000000007f0d30       0x50 board/Trucrux/imx8mm_trucrux/built-in.o
 .rodata.wdog_pads
                0x00000000007f0d80        0x8 board/Trucrux/imx8mm_trucrux/built-in.o
 .rodata        0x00000000007f0d88       0x14 common/spl/built-in.o
 .rodata._vprintf
                0x00000000007f0d9c       0x12 lib/built-in.o
 *fill*         0x00000000007f0dae        0x2 
 .rodata.composite_setup
                0x00000000007f0db0       0x2a drivers/built-in.o
 *fill*         0x00000000007f0dda        0x2 
 .rodata.ext_csd_bus_width
                0x00000000007f0ddc       0x3c drivers/built-in.o
 .rodata.fbase  0x00000000007f0e18       0x10 drivers/built-in.o
 .rodata.fdt_next_tag
                0x00000000007f0e28        0x9 lib/built-in.o
 *fill*         0x00000000007f0e31        0x3 
 .rodata.freqs.8480
                0x00000000007f0e34       0x34 drivers/built-in.o
 .rodata.get_boot_device
                0x00000000007f0e68        0xf arch/arm/mach-imx/built-in.o
 *fill*         0x00000000007f0e77        0x1 
 .rodata.get_clk_root_target
                0x00000000007f0e78        0x7 arch/arm/mach-imx/built-in.o
 *fill*         0x00000000007f0e7f        0x1 
 .rodata.get_cpu_variant_type
                0x00000000007f0e80        0x7 arch/arm/mach-imx/built-in.o
 *fill*         0x00000000007f0e87        0x1 
 .rodata.get_root_src_clk
                0x00000000007f0e88       0x44 arch/arm/mach-imx/built-in.o
 .rodata.gpc_pu_m_core_offset
                0x00000000007f0ecc       0x2c arch/arm/mach-imx/built-in.o
 .rodata.imx8mm_fracpll_tbl
                0x00000000007f0ef8       0xc8 arch/arm/mach-imx/built-in.o
 .rodata.init_uart_clk
                0x00000000007f0fc0        0x4 arch/arm/mach-imx/built-in.o
 .rodata.intpll_configure
                0x00000000007f0fc4        0x6 arch/arm/mach-imx/built-in.o
 *fill*         0x00000000007f0fca        0x2 
 .rodata.mmc_init
                0x00000000007f0fcc        0x8 drivers/built-in.o
 .rodata.mmc_modes_by_pref
                0x00000000007f0fd4       0x20 drivers/built-in.o
 .rodata.mmc_set_capacity
                0x00000000007f0ff4        0x8 drivers/built-in.o
 .rodata.mmc_versions.8803
                0x00000000007f0ffc       0x24 drivers/built-in.o
 .rodata.mxc_get_clock
                0x00000000007f1020        0x9 arch/arm/mach-imx/built-in.o
 *fill*         0x00000000007f1029        0x3 
 .rodata.rng_inst_load_keys
                0x00000000007f102c       0x10 drivers/built-in.o
 .rodata.rng_inst_sh0_desc
                0x00000000007f103c        0x8 drivers/built-in.o
 .rodata.rng_inst_sh1_desc
                0x00000000007f1044       0x10 drivers/built-in.o
 .rodata.sd_modes_by_pref
                0x00000000007f1054       0x10 drivers/built-in.o
 .rodata.spl_sdp_handle
                0x00000000007f1064        0x7 drivers/built-in.o
 *fill*         0x00000000007f106b        0x1 
 .rodata.i2c_clk_div
                0x00000000007f106c       0xc8 drivers/built-in.o
 .rodata.CSWTCH.2
                0x00000000007f1134        0xb board/Trucrux/imx8mm_trucrux/built-in.o
 .rodata.__assert_fail.str1.1
                0x00000000007f113f       0x22 lib/built-in.o
 .rodata.__func__.10876
                0x00000000007f1161        0xc drivers/built-in.o
 .rodata.__func__.11014
                0x00000000007f116d       0x11 drivers/built-in.o
 .rodata.__func__.11171
                0x00000000007f117e       0x11 drivers/built-in.o
 .rodata.__func__.11318
                0x00000000007f118f        0xf drivers/built-in.o
 .rodata.__func__.7112
                0x00000000007f119e       0x15 common/built-in.o
 .rodata.__func__.7708
                0x00000000007f11b3        0xf drivers/built-in.o
 .rodata.__func__.7755
                0x00000000007f11c2       0x13 drivers/built-in.o
 .rodata.__func__.7777
                0x00000000007f11d5        0xb drivers/built-in.o
 .rodata.__func__.8170
                0x00000000007f11e0        0xf arch/arm/mach-imx/built-in.o
 .rodata.__func__.9549
                0x00000000007f11ef       0x12 drivers/built-in.o
 .rodata.__func__.9583
                0x00000000007f1201        0xd drivers/built-in.o
 .rodata.__func__.9628
                0x00000000007f120e       0x12 drivers/built-in.o
 .rodata._ctype
                0x00000000007f1220      0x100 lib/built-in.o
                0x00000000007f1220                _ctype
 .rodata.android_image_check_header.str1.1
                0x00000000007f1320        0x9 common/built-in.o
 .rodata.bd71837_name
                0x00000000007f1329        0x8 drivers/built-in.o
 .rodata.board_fit_config_name_match.str1.1
                0x00000000007f1331       0x10 board/Trucrux/imx8mm_trucrux/built-in.o
 .rodata.board_init_f.str1.1
                0x00000000007f1341       0x14 board/Trucrux/imx8mm_trucrux/built-in.o
 .rodata.board_init_r.str1.1
                0x00000000007f1355       0x62 common/spl/built-in.o
 .rodata.board_mmc_init.str1.1
                0x00000000007f13b7        0xd board/Trucrux/imx8mm_trucrux/built-in.o
 .rodata.caam_open.str1.1
                0x00000000007f13c4      0x113 drivers/built-in.o
 .rodata.check_and_invalidate_dcache_range.isra.0.str1.1
                0x00000000007f14d7       0x1f drivers/built-in.o
 .rodata.check_reg.str1.1
                0x00000000007f14f6       0x33 drivers/built-in.o
 .rodata.ci_ep_queue.str1.1
                0x00000000007f1529       0x29 drivers/built-in.o
 .rodata.composite_unbind.str1.1
                0x00000000007f1552       0x10 drivers/built-in.o
 .rodata.count_ext_compat.str1.1
                0x00000000007f1562       0x38 drivers/built-in.o
 .rodata.ddr_init.str1.1
                0x00000000007f159a       0x72 drivers/built-in.o
 .rodata.ddr_load_train_firmware.str1.1
                0x00000000007f160c       0x4d drivers/built-in.o
 .rodata.do_bad_error.str1.1
                0x00000000007f1659       0x29 arch/arm/lib/built-in.o
 .rodata.do_bad_fiq.str1.1
                0x00000000007f1682       0x27 arch/arm/lib/built-in.o
 .rodata.do_bad_irq.str1.1
                0x00000000007f16a9       0x27 arch/arm/lib/built-in.o
 .rodata.do_bad_sync.str1.1
                0x00000000007f16d0       0x48 arch/arm/lib/built-in.o
 .rodata.do_error.str1.1
                0x00000000007f1718       0x21 arch/arm/mach-imx/built-in.o
                                         0x30 (size before relaxing)
 .rodata.do_fiq.str1.1
                0x00000000007f1718       0x29 arch/arm/lib/built-in.o
                                         0x1b (size before relaxing)
 .rodata.do_irq.str1.1
                0x00000000007f1718       0x29 arch/arm/lib/built-in.o
                                         0x1b (size before relaxing)
 .rodata.do_reset.str1.1
                0x00000000007f1718        0xf board/Trucrux/imx8mm_trucrux/built-in.o
 .rodata.do_sync.str1.1
                0x00000000007f1727       0x29 arch/arm/lib/built-in.o
 .rodata.dram_enable_bypass.str1.1
                0x00000000007f1727       0x1b arch/arm/mach-imx/built-in.o
 .rodata.esdhc_send_cmd.str1.1
                0x00000000007f1742       0xb8 drivers/built-in.o
 .rodata.fdt_get_alias_namelen.str1.1
                0x00000000007f17fa        0x9 lib/built-in.o
 .rodata.find_mmc_device.str1.1
                0x00000000007f1803       0x19 drivers/built-in.o
 .rodata.fit_find_config_node.str1.1
                0x00000000007f181c       0x3c common/built-in.o
                                         0x48 (size before relaxing)
 .rodata.fit_image_get_address.str1.1
                0x00000000007f1858       0x1d common/built-in.o
 .rodata.fit_image_get_data.str1.1
                0x00000000007f1875        0x5 common/built-in.o
 .rodata.fit_image_get_data_offset.str1.1
                0x00000000007f187a        0xc common/built-in.o
 .rodata.fit_image_get_data_position.str1.1
                0x00000000007f1886        0xe common/built-in.o
 .rodata.fit_image_get_data_size.str1.1
                0x00000000007f1894        0xa common/built-in.o
 .rodata.fit_image_get_load.str1.1
                0x00000000007f189e       0x1d common/built-in.o
                                          0x5 (size before relaxing)
 .rodata.force_idle_bus.str1.1
                0x00000000007f189e       0x53 arch/arm/mach-imx/built-in.o
 .rodata.fracpll_configure.str1.1
                0x00000000007f18f1       0x1a arch/arm/mach-imx/built-in.o
 .rodata.fsl_esdhc_initialize.str1.1
                0x00000000007f190b       0x4e drivers/built-in.o
 .rodata.g_dnl_bind.str1.1
                0x00000000007f1959        0xb drivers/built-in.o
                                         0x12 (size before relaxing)
 .rodata.g_dnl_register.str1.1
                0x00000000007f1964       0x18 drivers/built-in.o
 .rodata.get_board_id.str1.1
                0x00000000007f197c        0x9 board/Trucrux/imx8mm_trucrux/built-in.o
 .rodata.get_current.str1.1
                0x00000000007f1985       0x15 drivers/built-in.o
 .rodata.get_root_src_clk.str1.1
                0x00000000007f199a       0x1f arch/arm/mach-imx/built-in.o
 .rodata.hang.str1.1
                0x00000000007f19b9       0x2a lib/built-in.o
 .rodata.i2c_get_adapter.str1.1
                0x00000000007f19e3       0x2d drivers/built-in.o
 .rodata.i2c_imx_stop.str1.1
                0x00000000007f1a10       0x18 drivers/built-in.o
 .rodata.i2c_init_transfer.str1.1
                0x00000000007f1a28       0x3f drivers/built-in.o
 .rodata.init_clk_usdhc.str1.1
                0x00000000007f1a67       0x15 arch/arm/mach-imx/built-in.o
 .rodata.init_uart_clk.str1.1
                0x00000000007f1a7c       0x14 arch/arm/mach-imx/built-in.o
 .rodata.jr_reset.str1.1
                0x00000000007f1a90       0x34 drivers/built-in.o
 .rodata.manufacturer
                0x00000000007f1ac4        0x8 drivers/built-in.o
 .rodata.mmc_bread.str1.1
                0x00000000007f1acc       0x47 drivers/built-in.o
 .rodata.mmc_get_op_cond.str1.1
                0x00000000007f1b13       0x29 drivers/built-in.o
 .rodata.mmc_init.str1.1
                0x00000000007f1b3c       0x5e drivers/built-in.o
 .rodata.mmc_start_init.str1.1
                0x00000000007f1b9a       0x16 drivers/built-in.o
 .rodata.multipliers
                0x00000000007f1bb0       0x10 drivers/built-in.o
 .rodata.mxc_get_clock.str1.1
                0x00000000007f1bc0       0x1a arch/arm/mach-imx/built-in.o
 .rodata.pmic_alloc.str1.1
                0x00000000007f1bda       0x29 drivers/built-in.o
 .rodata.pmic_probe.str1.1
                0x00000000007f1c03       0x14 drivers/built-in.o
 .rodata.pmic_reg_write.str1.1
                0x00000000007f1c17       0x17 drivers/built-in.o
 .rodata.power_bd71837_init.str1.1
                0x00000000007f1c2e       0x31 drivers/built-in.o
 .rodata.power_init_board.str1.1
                0x00000000007f1c5f       0x1a board/Trucrux/imx8mm_trucrux/built-in.o
 .rodata.preloader_console_init.str1.1
                0x00000000007f1c79       0x5e common/spl/built-in.o
 .rodata.product
                0x00000000007f1cd7       0x14 drivers/built-in.o
 .rodata.sdp_add.str1.1
                0x00000000007f1ceb       0x64 drivers/built-in.o
                                          0x4 (size before relaxing)
 .rodata.sdp_init.str1.1
                0x00000000007f1ceb       0x32 drivers/built-in.o
 .rodata.sdp_name
                0x00000000007f1d1d       0x1b drivers/built-in.o
 .rodata.sdp_rx_command_complete.str1.1
                0x00000000007f1d38       0x64 drivers/built-in.o
 .rodata.sdp_rx_data_complete.str1.1
                0x00000000007f1d9c       0x29 drivers/built-in.o
                                         0x2f (size before relaxing)
 .rodata.sdp_tx_complete.str1.1
                0x00000000007f1dc5       0x1d drivers/built-in.o
 .rodata.setup_i2c.str1.1
                0x00000000007f1de2       0x18 arch/arm/mach-imx/built-in.o
 .rodata.show_regs.str1.1
                0x00000000007f1dfa       0x6c arch/arm/lib/built-in.o
                                         0x6e (size before relaxing)
 .rodata.spl_board_init.str1.1
                0x00000000007f1e66        0xd board/Trucrux/imx8mm_trucrux/built-in.o
 .rodata.spl_boot_mode.str1.1
                0x00000000007f1e73       0x21 arch/arm/mach-imx/built-in.o
 .rodata.spl_fit_get_image_node.str1.1
                0x00000000007f1e94       0x5a common/spl/built-in.o
 .rodata.spl_load_fit_image.str1.1
                0x00000000007f1eee       0x22 common/spl/built-in.o
 .rodata.spl_load_simple_fit.str1.1
                0x00000000007f1f10       0x1f common/spl/built-in.o
 .rodata.spl_mmc_load.str1.1
                0x00000000007f1f2f      0x10e common/spl/built-in.o
 .rodata.spl_sdp_handle.str1.1
                0x00000000007f203d       0xc2 drivers/built-in.o
 .rodata.spl_sdp_load_image.str1.1
                0x00000000007f20ff       0x3e common/spl/built-in.o
 .rodata.str1.1
                0x00000000007f213d       0x19 common/spl/built-in.o
 .rodata.str1.1
                0x00000000007f2156       0x1b disk/built-in.o
                                         0x1e (size before relaxing)
 .rodata.str1.1
                0x00000000007f2171       0x48 drivers/built-in.o
                                         0x54 (size before relaxing)
 .rodata.test_block_type.str1.1
                0x00000000007f21b9        0xa disk/built-in.o
 .rodata.udc_irq.str1.1
                0x00000000007f21c3       0x2e drivers/built-in.o
 .rodata.usb_composite_register.str1.1
                0x00000000007f21f1        0xa drivers/built-in.o
 .rodata.usb_lowlevel_init.str1.1
                0x00000000007f21fb       0x26 drivers/built-in.o
 .rodata.wait_ddrphy_training_complete.str1.1
                0x00000000007f2221       0x11 drivers/built-in.o
 .rodata.wait_for_sr_state.str1.1
                0x00000000007f2232       0x4c drivers/built-in.o

.rela.dyn       0x00000000007f2280        0x0
 .rela.iplt     0x00000000007f2280        0x0 arch/arm/cpu/armv8/start.o

.data           0x00000000007f2280     0x7622
                0x00000000007f2280                . = ALIGN (0x8)
 *(.data*)
 .data.root_array
                0x00000000007f2280      0x730 arch/arm/mach-imx/built-in.o
 .data.serror_need_skip
                0x00000000007f29b0        0x1 arch/arm/mach-imx/built-in.o
                0x00000000007f29b0                serror_need_skip
 *fill*         0x00000000007f29b1        0x3 
 .data.board_id.10673
                0x00000000007f29b4        0x4 board/Trucrux/imx8mm_trucrux/built-in.o
 .data.i2c_pad_info1
                0x00000000007f29b8       0x30 board/Trucrux/imx8mm_trucrux/built-in.o
 .data.usdhc_cfg
                0x00000000007f29e8       0x80 board/Trucrux/imx8mm_trucrux/built-in.o
 .data.ddr_ddrc_cfg
                0x00000000007f2a68      0x5e0 board/Trucrux/imx8mm_trucrux/built-in.o
                0x00000000007f2a68                ddr_ddrc_cfg
 .data.ddr_ddrphy_cfg
                0x00000000007f3048      0xa08 board/Trucrux/imx8mm_trucrux/built-in.o
                0x00000000007f3048                ddr_ddrphy_cfg
 .data.ddr_ddrphy_trained_csr
                0x00000000007f3a50     0x1678 board/Trucrux/imx8mm_trucrux/built-in.o
                0x00000000007f3a50                ddr_ddrphy_trained_csr
 .data.ddr_dram_fsp_msg
                0x00000000007f50c8       0xa8 board/Trucrux/imx8mm_trucrux/built-in.o
                0x00000000007f50c8                ddr_dram_fsp_msg
 .data.ddr_fsp0_2d_cfg
                0x00000000007f5170      0x1d8 board/Trucrux/imx8mm_trucrux/built-in.o
                0x00000000007f5170                ddr_fsp0_2d_cfg
 .data.ddr_fsp0_cfg
                0x00000000007f5348      0x1b8 board/Trucrux/imx8mm_trucrux/built-in.o
                0x00000000007f5348                ddr_fsp0_cfg
 .data.ddr_fsp1_cfg
                0x00000000007f5500      0x1b8 board/Trucrux/imx8mm_trucrux/built-in.o
                0x00000000007f5500                ddr_fsp1_cfg
 .data.ddr_fsp2_cfg
                0x00000000007f56b8      0x118 board/Trucrux/imx8mm_trucrux/built-in.o
                0x00000000007f56b8                ddr_fsp2_cfg
 .data.ddr_phy_pie
                0x00000000007f57d0     0x18b8 board/Trucrux/imx8mm_trucrux/built-in.o
                0x00000000007f57d0                ddr_phy_pie
 .data.dram_timing_lpddr4
                0x00000000007f7088       0x68 board/Trucrux/imx8mm_trucrux/built-in.o
                0x00000000007f7088                dram_timing_lpddr4
 .data          0x00000000007f70f0       0xb8 common/spl/built-in.o
 .data.av_      0x00000000007f71a8      0x810 common/built-in.o
 .data.sbrk_base
                0x00000000007f79b8        0x8 common/built-in.o
 .data.trim_threshold
                0x00000000007f79c0        0x8 common/built-in.o
 .data.mxc_i2c_buses
                0x00000000007f79c8      0x1c0 drivers/built-in.o
 .data.cur_dev_num
                0x00000000007f7b88        0x4 drivers/built-in.o
 *fill*         0x00000000007f7b8c        0x4 
 .data.mxc_serial_drv
                0x00000000007f7b90       0x50 drivers/built-in.o
 .data.one_time_rx_line_always_low_workaround_needed
                0x00000000007f7be0        0x4 drivers/built-in.o
 .data.ddrphy_trained_csr
                0x00000000007f7be4     0x1678 drivers/built-in.o
                0x00000000007f7be4                ddrphy_trained_csr
 .data.ddrphy_trained_csr_num
                0x00000000007f925c        0x4 drivers/built-in.o
                0x00000000007f925c                ddrphy_trained_csr_num
 .data.pmic_list
                0x00000000007f9260       0x10 drivers/built-in.o
 .data.composite_driver
                0x00000000007f9270       0x48 drivers/built-in.o
 .data.device_desc
                0x00000000007f92b8       0x12 drivers/built-in.o
 *fill*         0x00000000007f92ca        0x6 
 .data.g_dnl_composite_strings
                0x00000000007f92d0       0x10 drivers/built-in.o
 .data.g_dnl_driver
                0x00000000007f92e0       0x48 drivers/built-in.o
 .data.g_dnl_string_defs
                0x00000000007f9328       0x40 drivers/built-in.o
 .data.g_dnl_string_tab
                0x00000000007f9368       0x10 drivers/built-in.o
 .data.qw_sign_buf
                0x00000000007f9378        0x7 drivers/built-in.o
 .data.in_desc  0x00000000007f937f        0x9 drivers/built-in.o
 .data.in_hs_desc
                0x00000000007f9388        0x9 drivers/built-in.o
 .data.out_desc
                0x00000000007f9391        0x9 drivers/built-in.o
 .data.out_hs_desc
                0x00000000007f939a        0x9 drivers/built-in.o
 *fill*         0x00000000007f93a3        0x5 
 .data.sdp_generic_strings
                0x00000000007f93a8       0x10 drivers/built-in.o
 .data.sdp_hid_desc
                0x00000000007f93b8        0x9 drivers/built-in.o
 .data.sdp_hid_report
                0x00000000007f93c1       0x4c drivers/built-in.o
 .data.sdp_intf_runtime
                0x00000000007f940d        0x9 drivers/built-in.o
 *fill*         0x00000000007f9416        0x2 
 .data.sdp_runtime_descs
                0x00000000007f9418       0x28 drivers/built-in.o
 .data.sdp_runtime_hs_descs
                0x00000000007f9440       0x28 drivers/built-in.o
 .data.strings_sdp_generic
                0x00000000007f9468       0x20 drivers/built-in.o
 .data.stringtab_sdp_generic
                0x00000000007f9488       0x10 drivers/built-in.o
 .data.ci_ep_ops
                0x00000000007f9498       0x50 drivers/built-in.o
 .data.ci_udc_ops
                0x00000000007f94e8       0x68 drivers/built-in.o
 .data.controller
                0x00000000007f9550      0x310 drivers/built-in.o
 .data.ep0_desc
                0x00000000007f9860        0x9 drivers/built-in.o
 .data.descriptor
                0x00000000007f9869       0x39 drivers/built-in.o

.igot.plt       0x00000000007f98a8        0x0
 .igot.plt      0x00000000007f98a8        0x0 arch/arm/cpu/armv8/start.o

.u_boot_list    0x00000000007f98a4      0x20c
                0x00000000007f98a8                . = ALIGN (0x8)
 *fill*         0x00000000007f98a4        0x4 
 *(SORT_BY_NAME(.u_boot_list*))
 .u_boot_list_2_blk_driver_1
                0x00000000007f98a8        0x0 drivers/built-in.o
 .u_boot_list_2_blk_driver_2_mmc
                0x00000000007f98a8       0x28 drivers/built-in.o
                0x00000000007f98a8                _u_boot_list_2_blk_driver_2_mmc
 .u_boot_list_2_blk_driver_3
                0x00000000007f98d0        0x0 drivers/built-in.o
 .u_boot_list_2_cmd_1
                0x00000000007f98d0        0x0 common/built-in.o
 .u_boot_list_2_cmd_3
                0x00000000007f98d0        0x0 common/built-in.o
 .u_boot_list_2_fit_loadable_1
                0x00000000007f98d0        0x0 common/built-in.o
 .u_boot_list_2_fit_loadable_3
                0x00000000007f98d0        0x0 common/built-in.o
 .u_boot_list_2_g_dnl_bind_callbacks_1
                0x00000000007f98d0        0x0 drivers/built-in.o
 .u_boot_list_2_g_dnl_bind_callbacks_2___usb_function_name_usb_dnl_sdp
                0x00000000007f98d0       0x10 drivers/built-in.o
                0x00000000007f98d0                _u_boot_list_2_g_dnl_bind_callbacks_2___usb_function_name_usb_dnl_sdp
 .u_boot_list_2_i2c_1
                0x00000000007f98e0        0x0 drivers/built-in.o
 .u_boot_list_2_i2c_2_mxc0
                0x00000000007f98e0       0x48 drivers/built-in.o
                0x00000000007f98e0                _u_boot_list_2_i2c_2_mxc0
 .u_boot_list_2_i2c_2_mxc1
                0x00000000007f9928       0x48 drivers/built-in.o
                0x00000000007f9928                _u_boot_list_2_i2c_2_mxc1
 .u_boot_list_2_i2c_2_mxc2
                0x00000000007f9970       0x48 drivers/built-in.o
                0x00000000007f9970                _u_boot_list_2_i2c_2_mxc2
 .u_boot_list_2_i2c_2_mxc3
                0x00000000007f99b8       0x48 drivers/built-in.o
                0x00000000007f99b8                _u_boot_list_2_i2c_2_mxc3
 .u_boot_list_2_i2c_3
                0x00000000007f9a00        0x0 drivers/built-in.o
 .u_boot_list_2_part_driver_1
                0x00000000007f9a00        0x0 disk/built-in.o
 .u_boot_list_2_part_driver_2_a_efi
                0x00000000007f9a00       0x28 disk/built-in.o
                0x00000000007f9a00                _u_boot_list_2_part_driver_2_a_efi
 .u_boot_list_2_part_driver_2_dos
                0x00000000007f9a28       0x28 disk/built-in.o
                0x00000000007f9a28                _u_boot_list_2_part_driver_2_dos
 .u_boot_list_2_part_driver_3
                0x00000000007f9a50        0x0 disk/built-in.o
 .u_boot_list_2_spl_image_loader_1
                0x00000000007f9a50        0x0 common/spl/built-in.o
 .u_boot_list_2_spl_image_loader_2_BOOT_DEVICE_BOARD0spl_sdp_load_image
                0x00000000007f9a50       0x18 common/spl/built-in.o
                0x00000000007f9a50                _u_boot_list_2_spl_image_loader_2_BOOT_DEVICE_BOARD0spl_sdp_load_image
 .u_boot_list_2_spl_image_loader_2_BOOT_DEVICE_MMC10spl_mmc_load_image
                0x00000000007f9a68       0x18 common/spl/built-in.o
                0x00000000007f9a68                _u_boot_list_2_spl_image_loader_2_BOOT_DEVICE_MMC10spl_mmc_load_image
 .u_boot_list_2_spl_image_loader_2_BOOT_DEVICE_MMC20spl_mmc_load_image
                0x00000000007f9a80       0x18 common/spl/built-in.o
                0x00000000007f9a80                _u_boot_list_2_spl_image_loader_2_BOOT_DEVICE_MMC20spl_mmc_load_image
 .u_boot_list_2_spl_image_loader_2_BOOT_DEVICE_MMC2_20spl_mmc_load_image
                0x00000000007f9a98       0x18 common/spl/built-in.o
                0x00000000007f9a98                _u_boot_list_2_spl_image_loader_2_BOOT_DEVICE_MMC2_20spl_mmc_load_image
 .u_boot_list_2_spl_image_loader_3
                0x00000000007f9ab0        0x0 common/spl/built-in.o

.image_copy_end
                0x00000000007f9ab0        0x0
                0x00000000007f9ab0                . = ALIGN (0x8)
 *(.__image_copy_end)

.end            0x00000000007f9ab0        0x0
                0x00000000007f9ab0                . = ALIGN (0x8)
 *(.__end)
 .__end         0x00000000007f9ab0        0x0 arch/arm/lib/built-in.o
                0x00000000007f9ab0                _end
                0x00000000007f9ab0                _image_binary_end = .

.bss_start      0x0000000000910000        0x0
                0x0000000000910000                . = ALIGN (0x8)
 *(.__bss_start)
 .__bss_start   0x0000000000910000        0x0 arch/arm/lib/built-in.o
                0x0000000000910000                __bss_start

.bss            0x0000000000910000      0x780
 *(.bss*)
 .bss.eeprom    0x0000000000910000       0x32 board/Trucrux/imx8mm_trucrux/built-in.o
 *fill*         0x0000000000910032        0x6 
 .bss.mmc.8388  0x0000000000910038        0x8 common/spl/built-in.o
 .bss.ctrlc_disabled
                0x0000000000910040        0x4 common/built-in.o
 .bss.ctrlc_was_pressed
                0x0000000000910044        0x4 common/built-in.o
 .bss.current_mallinfo
                0x0000000000910048       0x28 common/built-in.o
 .bss.max_sbrked_mem
                0x0000000000910070        0x8 common/built-in.o
 .bss.max_total_mem
                0x0000000000910078        0x8 common/built-in.o
 .bss.mem_malloc_brk
                0x0000000000910080        0x8 common/built-in.o
                0x0000000000910080                mem_malloc_brk
 .bss.mem_malloc_end
                0x0000000000910088        0x8 common/built-in.o
                0x0000000000910088                mem_malloc_end
 .bss.mem_malloc_start
                0x0000000000910090        0x8 common/built-in.o
                0x0000000000910090                mem_malloc_start
 .bss.top_pad   0x0000000000910098        0x8 common/built-in.o
 .bss.stdio_devices
                0x00000000009100a0       0x18 common/built-in.o
                0x00000000009100a0                stdio_devices
 .bss.initialized.8905
                0x00000000009100b8        0x4 drivers/built-in.o
 *fill*         0x00000000009100bc        0x4 
 .bss.mmc_devices
                0x00000000009100c0       0x10 drivers/built-in.o
 .bss.serial_current
                0x00000000009100d0        0x8 drivers/built-in.o
 .bss.g_jrdata  0x00000000009100d8      0x220 drivers/built-in.o
 .bss.g_cdd_rr_max
                0x00000000009102f8       0x10 drivers/built-in.o
 .bss.g_cdd_rw_max
                0x0000000000910308       0x10 drivers/built-in.o
 .bss.g_cdd_wr_max
                0x0000000000910318       0x10 drivers/built-in.o
 .bss.g_cdd_ww_max
                0x0000000000910328       0x10 drivers/built-in.o
 .bss.epnum     0x0000000000910338        0x4 drivers/built-in.o
 *fill*         0x000000000091033c        0x4 
 .bss.composite
                0x0000000000910340        0x8 drivers/built-in.o
 .bss.g_dnl_detach_request
                0x0000000000910348        0x1 drivers/built-in.o
 .bss.g_dnl_serial
                0x0000000000910349      0x100 drivers/built-in.o
 *fill*         0x0000000000910449        0x7 
 .bss.sdp_func  0x0000000000910450        0x8 drivers/built-in.o
 *fill*         0x0000000000910458       0x28 
 .bss.ehcic     0x0000000000910480      0x300 drivers/built-in.o
                0x0000000000910780                . = ALIGN (0x8)

.bss_end        0x0000000000910780        0x0
 *(.__bss_end)
 .__bss_end     0x0000000000910780        0x0 arch/arm/lib/built-in.o
                0x0000000000910780                __bss_end

/DISCARD/
 *(.dynsym)
 *(.dynstr*)
 *(.dynamic*)
 *(.plt*)
 *(.interp*)
 *(.gnu*)
Address of section .text set to 0x7e1000
LOAD arch/arm/cpu/armv8/start.o
START GROUP
LOAD arch/arm/cpu/armv8/built-in.o
LOAD arch/arm/cpu/built-in.o
LOAD arch/arm/lib/built-in.o
LOAD arch/arm/mach-imx/built-in.o
LOAD board/Trucrux/imx8mm_trucrux/built-in.o
LOAD common/spl/built-in.o
LOAD common/init/built-in.o
LOAD common/built-in.o
LOAD cmd/built-in.o
LOAD env/built-in.o
LOAD lib/built-in.o
LOAD disk/built-in.o
LOAD drivers/built-in.o
LOAD drivers/usb/dwc3/built-in.o
LOAD drivers/usb/cdns3/built-in.o
LOAD drivers/usb/imx/built-in.o
LOAD dts/built-in.o
LOAD fs/built-in.o
END GROUP
LOAD /media/tru-ser-02/Trucrux_Linux/Trucrux/imx8/imx8mq/Codesetup/Yocto/Dunfell_5.4.142/build_xwayland_mm/tmp/work/imx8mm_trux_q01-fslc-linux/u-boot-trucrux/1.0-r0/recipe-sysroot/usr/lib/aarch64-fslc-linux/9.3.0/libgcc.a
OUTPUT(u-boot-spl elf64-littleaarch64)
LOAD linker stubs

.debug_line     0x0000000000000000    0x3c38c
 .debug_line    0x0000000000000000       0x8e arch/arm/cpu/armv8/start.o
 .debug_line    0x000000000000008e      0xf2d arch/arm/cpu/armv8/built-in.o
 .debug_line    0x0000000000000fbb     0x1299 arch/arm/lib/built-in.o
 .debug_line    0x0000000000002254     0x48e7 arch/arm/mach-imx/built-in.o
 .debug_line    0x0000000000006b3b     0x1417 board/Trucrux/imx8mm_trucrux/built-in.o
 .debug_line    0x0000000000007f52     0x1977 common/spl/built-in.o
 .debug_line    0x00000000000098c9      0x2a6 common/init/built-in.o
 .debug_line    0x0000000000009b6f     0xd5b9 common/built-in.o
 .debug_line    0x0000000000017128     0xfac4 lib/built-in.o
 .debug_line    0x0000000000026bec     0x2e39 disk/built-in.o
 .debug_line    0x0000000000029a25    0x125cc drivers/built-in.o
 .debug_line    0x000000000003bff1      0x39b drivers/usb/imx/built-in.o

.debug_info     0x0000000000000000    0xe258d
 .debug_info    0x0000000000000000       0x2e arch/arm/cpu/armv8/start.o
 .debug_info    0x000000000000002e     0x4a9a arch/arm/cpu/armv8/built-in.o
 .debug_info    0x0000000000004ac8     0x735a arch/arm/lib/built-in.o
 .debug_info    0x000000000000be22    0x15bf4 arch/arm/mach-imx/built-in.o
 .debug_info    0x0000000000021a16     0xaa91 board/Trucrux/imx8mm_trucrux/built-in.o
 .debug_info    0x000000000002c4a7     0x89b5 common/spl/built-in.o
 .debug_info    0x0000000000034e5c     0x1215 common/init/built-in.o
 .debug_info    0x0000000000036071    0x2e871 common/built-in.o
 .debug_info    0x00000000000648e2    0x2cbfa lib/built-in.o
 .debug_info    0x00000000000914dc     0x8d84 disk/built-in.o
 .debug_info    0x000000000009a260    0x46785 drivers/built-in.o
 .debug_info    0x00000000000e09e5     0x1ba8 drivers/usb/imx/built-in.o

.debug_abbrev   0x0000000000000000    0x1dd8c
 .debug_abbrev  0x0000000000000000       0x14 arch/arm/cpu/armv8/start.o
 .debug_abbrev  0x0000000000000014      0xd0f arch/arm/cpu/armv8/built-in.o
 .debug_abbrev  0x0000000000000d23     0x12c1 arch/arm/lib/built-in.o
 .debug_abbrev  0x0000000000001fe4     0x2b20 arch/arm/mach-imx/built-in.o
 .debug_abbrev  0x0000000000004b04     0x108d board/Trucrux/imx8mm_trucrux/built-in.o
 .debug_abbrev  0x0000000000005b91     0x15f8 common/spl/built-in.o
 .debug_abbrev  0x0000000000007189      0x34c common/init/built-in.o
 .debug_abbrev  0x00000000000074d5     0x5680 common/built-in.o
 .debug_abbrev  0x000000000000cb55     0x74e6 lib/built-in.o
 .debug_abbrev  0x000000000001403b     0x1210 disk/built-in.o
 .debug_abbrev  0x000000000001524b     0x87c7 drivers/built-in.o
 .debug_abbrev  0x000000000001da12      0x37a drivers/usb/imx/built-in.o

.debug_aranges  0x0000000000000000     0x57d0
 .debug_aranges
                0x0000000000000000       0x30 arch/arm/cpu/armv8/start.o
 .debug_aranges
                0x0000000000000030      0x350 arch/arm/cpu/armv8/built-in.o
 .debug_aranges
                0x0000000000000380      0x2c0 arch/arm/lib/built-in.o
 .debug_aranges
                0x0000000000000640      0x7b0 arch/arm/mach-imx/built-in.o
 .debug_aranges
                0x0000000000000df0      0x220 board/Trucrux/imx8mm_trucrux/built-in.o
 .debug_aranges
                0x0000000000001010      0x260 common/spl/built-in.o
 .debug_aranges
                0x0000000000001270       0x70 common/init/built-in.o
 .debug_aranges
                0x00000000000012e0     0x1360 common/built-in.o
 .debug_aranges
                0x0000000000002640     0x1900 lib/built-in.o
 .debug_aranges
                0x0000000000003f40      0x2d0 disk/built-in.o
 .debug_aranges
                0x0000000000004210     0x1570 drivers/built-in.o
 .debug_aranges
                0x0000000000005780       0x50 drivers/usb/imx/built-in.o

.debug_str      0x0000000000000000    0x1726b
 .debug_str     0x0000000000000000       0xe6 arch/arm/cpu/armv8/start.o
 .debug_str     0x00000000000000e6     0x13fd arch/arm/cpu/armv8/built-in.o
                                       0x4cd4 (size before relaxing)
 .debug_str     0x00000000000014e3      0x3f7 arch/arm/lib/built-in.o
                                       0x7238 (size before relaxing)
 .debug_str     0x00000000000018da     0x3ad6 arch/arm/mach-imx/built-in.o
                                      0x1223c (size before relaxing)
 .debug_str     0x00000000000053b0     0x5629 board/Trucrux/imx8mm_trucrux/built-in.o
                                       0xeec2 (size before relaxing)
 .debug_str     0x000000000000a9d9     0x1796 common/spl/built-in.o
                                       0x744d (size before relaxing)
 .debug_str     0x000000000000c16f       0xa3 common/init/built-in.o
                                       0x1355 (size before relaxing)
 .debug_str     0x000000000000c212     0x39da common/built-in.o
                                      0x1ca08 (size before relaxing)
 .debug_str     0x000000000000fbec     0x2a84 lib/built-in.o
                                      0x1b69c (size before relaxing)
 .debug_str     0x0000000000012670      0x9c8 disk/built-in.o
                                       0x429a (size before relaxing)
 .debug_str     0x0000000000013038     0x4181 drivers/built-in.o
                                      0x29523 (size before relaxing)
 .debug_str     0x00000000000171b9       0xb2 drivers/usb/imx/built-in.o
                                       0x16fc (size before relaxing)

.comment        0x0000000000000000       0x11
 .comment       0x0000000000000000       0x11 arch/arm/cpu/armv8/built-in.o
                                         0x5a (size before relaxing)
 .comment       0x0000000000000011       0x90 arch/arm/lib/built-in.o
 .comment       0x0000000000000011       0xd8 arch/arm/mach-imx/built-in.o
 .comment       0x0000000000000011       0x5a board/Trucrux/imx8mm_trucrux/built-in.o
 .comment       0x0000000000000011       0x48 common/spl/built-in.o
 .comment       0x0000000000000011       0x12 common/init/built-in.o
 .comment       0x0000000000000011      0x144 common/built-in.o
 .comment       0x0000000000000011      0x2ac lib/built-in.o
 .comment       0x0000000000000011       0x36 disk/built-in.o
 .comment       0x0000000000000011      0x20a drivers/built-in.o
 .comment       0x0000000000000011       0x12 drivers/usb/imx/built-in.o

.note.GNU-stack
                0x0000000000000000        0x0
 .note.GNU-stack
                0x0000000000000000        0x0 arch/arm/cpu/armv8/built-in.o
 .note.GNU-stack
                0x0000000000000000        0x0 arch/arm/lib/built-in.o
 .note.GNU-stack
                0x0000000000000000        0x0 arch/arm/mach-imx/built-in.o
 .note.GNU-stack
                0x0000000000000000        0x0 board/Trucrux/imx8mm_trucrux/built-in.o
 .note.GNU-stack
                0x0000000000000000        0x0 common/spl/built-in.o
 .note.GNU-stack
                0x0000000000000000        0x0 common/init/built-in.o
 .note.GNU-stack
                0x0000000000000000        0x0 common/built-in.o
 .note.GNU-stack
                0x0000000000000000        0x0 lib/built-in.o
 .note.GNU-stack
                0x0000000000000000        0x0 disk/built-in.o
 .note.GNU-stack
                0x0000000000000000        0x0 drivers/built-in.o
 .note.GNU-stack
                0x0000000000000000        0x0 drivers/usb/imx/built-in.o

.debug_loc      0x0000000000000000    0x971d6
 .debug_loc     0x0000000000000000      0x2c5 arch/arm/cpu/armv8/built-in.o
 .debug_loc     0x00000000000002c5      0x90f arch/arm/lib/built-in.o
 .debug_loc     0x0000000000000bd4     0x7632 arch/arm/mach-imx/built-in.o
 .debug_loc     0x0000000000008206     0x1173 board/Trucrux/imx8mm_trucrux/built-in.o
 .debug_loc     0x0000000000009379     0x2f9d common/spl/built-in.o
 .debug_loc     0x000000000000c316      0x1a5 common/init/built-in.o
 .debug_loc     0x000000000000c4bb    0x24b6e common/built-in.o
 .debug_loc     0x0000000000031029    0x34429 lib/built-in.o
 .debug_loc     0x0000000000065452     0x76ca disk/built-in.o
 .debug_loc     0x000000000006cb1c    0x2a32a drivers/built-in.o
 .debug_loc     0x0000000000096e46      0x390 drivers/usb/imx/built-in.o

.debug_ranges   0x0000000000000000    0x132b0
 .debug_ranges  0x0000000000000000      0x260 arch/arm/cpu/armv8/built-in.o
 .debug_ranges  0x0000000000000260      0x230 arch/arm/lib/built-in.o
 .debug_ranges  0x0000000000000490      0xd30 arch/arm/mach-imx/built-in.o
 .debug_ranges  0x00000000000011c0      0x310 board/Trucrux/imx8mm_trucrux/built-in.o
 .debug_ranges  0x00000000000014d0      0x830 common/spl/built-in.o
 .debug_ranges  0x0000000000001d00       0x90 common/init/built-in.o
 .debug_ranges  0x0000000000001d90     0x36a0 common/built-in.o
 .debug_ranges  0x0000000000005430     0x3df0 lib/built-in.o
 .debug_ranges  0x0000000000009220     0x1480 disk/built-in.o
 .debug_ranges  0x000000000000a6a0     0x8bd0 drivers/built-in.o
 .debug_ranges  0x0000000000013270       0x40 drivers/usb/imx/built-in.o
